// Jest Snapshot v1, https://goo.gl/fbAQLP

exports[`HomeScreen renders correctly 1`] = `
<View
  style={
    {
      "alignItems": "center",
      "backgroundColor": "#FAFAFA",
      "flex": 1,
      "justifyContent": "flex-start",
    }
  }
>
  <ViewManagerAdapter_ExpoLinearGradient
    colors={
      [
        4278220726,
        4287684847,
      ]
    }
    endPoint={
      [
        1,
        1,
      ]
    }
    startPoint={
      [
        0,
        0,
      ]
    }
    style={
      {
        "alignItems": "center",
        "backgroundColor": "#0077b6",
        "height": 160,
        "justifyContent": "center",
        "width": "100%",
      }
    }
  >
    <View
      style={
        {
          "alignItems": "center",
          "bottom": 0,
          "flexDirection": "row",
          "justifyContent": "space-between",
          "position": "absolute",
          "width": "90%",
        }
      }
    >
      <Image
        source={1}
        style={
          {
            "height": 107,
            "width": 107,
          }
        }
      />
      <View
        accessibilityState={
          {
            "busy": undefined,
            "checked": undefined,
            "disabled": undefined,
            "expanded": undefined,
            "selected": undefined,
          }
        }
        accessibilityValue={
          {
            "max": undefined,
            "min": undefined,
            "now": undefined,
            "text": undefined,
          }
        }
        accessible={true}
        collapsable={false}
        focusable={true}
        onClick={[Function]}
        onResponderGrant={[Function]}
        onResponderMove={[Function]}
        onResponderRelease={[Function]}
        onResponderTerminate={[Function]}
        onResponderTerminationRequest={[Function]}
        onStartShouldSetResponder={[Function]}
        style={
          {
            "opacity": 1,
          }
        }
      >
        <Text
          style={
            {
              "color": "#FAFAFA",
              "fontFamily": "Poppins_600SemiBold",
              "fontSize": 27,
              "marginTop": 27,
            }
          }
        >
          SIGN UP AS TUTOR
        </Text>
      </View>
    </View>
  </ViewManagerAdapter_ExpoLinearGradient>
  <View
    style={
      {
        "alignItems": "center",
        "justifyContent": "space-between",
        "width": "100%",
      }
    }
  >
    <View
      style={
        {
          "alignItems": "center",
          "borderColor": "#0077b6",
          "borderRadius": 67,
          "borderWidth": 1,
          "flexDirection": "row",
          "height": 73,
          "marginBottom": 7,
          "marginTop": 20,
          "padding": 13,
          "paddingHorizontal": 27,
          "width": "90%",
        }
      }
      testID="search-bar"
    >
      <Text />
      <TextInput
        onChangeText={[Function]}
        placeholder="Search"
        placeholderTextColor="#B9B9B9"
        style={
          {
            "color": "#3A3939",
            "fontFamily": "Poppins_400Regular",
            "fontSize": 20,
            "marginLeft": 13,
          }
        }
        value=""
      />
    </View>
  </View>
  <View
    style={
      {
        "alignItems": "center",
        "flexDirection": "row",
        "marginBottom": 13,
        "width": "90%",
      }
    }
    testID="filters"
  >
    <View
      style={
        {
          "width": "38%",
        }
      }
    >
      <View
        style={
          {
            "marginVertical": 13,
            "width": "100%",
          }
        }
      >
        <View
          accessibilityState={
            {
              "busy": undefined,
              "checked": undefined,
              "disabled": undefined,
              "expanded": undefined,
              "selected": undefined,
            }
          }
          accessibilityValue={
            {
              "max": undefined,
              "min": undefined,
              "now": undefined,
              "text": undefined,
            }
          }
          accessible={true}
          collapsable={false}
          focusable={true}
          onClick={[Function]}
          onResponderGrant={[Function]}
          onResponderMove={[Function]}
          onResponderRelease={[Function]}
          onResponderTerminate={[Function]}
          onResponderTerminationRequest={[Function]}
          onStartShouldSetResponder={[Function]}
          style={
            {
              "alignItems": "center",
              "backgroundColor": "#FAFAFA",
              "borderColor": "#0077b6",
              "borderRadius": 67,
              "borderWidth": 1,
              "flexDirection": "row",
              "justifyContent": "space-between",
              "opacity": 1,
              "padding": 13,
            }
          }
        >
          <Text
            style={
              {
                "color": "#3A3939",
                "fontFamily": "Poppins_500Medium",
                "fontSize": 20,
              }
            }
          >
            Experience
          </Text>
          <Text />
        </View>
      </View>
    </View>
    <View
      style={
        {
          "marginLeft": 13,
          "width": "38%",
        }
      }
    >
      <View
        style={
          {
            "marginVertical": 13,
            "width": "100%",
          }
        }
      >
        <View
          accessibilityState={
            {
              "busy": undefined,
              "checked": undefined,
              "disabled": undefined,
              "expanded": undefined,
              "selected": undefined,
            }
          }
          accessibilityValue={
            {
              "max": undefined,
              "min": undefined,
              "now": undefined,
              "text": undefined,
            }
          }
          accessible={true}
          collapsable={false}
          focusable={true}
          onClick={[Function]}
          onResponderGrant={[Function]}
          onResponderMove={[Function]}
          onResponderRelease={[Function]}
          onResponderTerminate={[Function]}
          onResponderTerminationRequest={[Function]}
          onStartShouldSetResponder={[Function]}
          style={
            {
              "alignItems": "center",
              "backgroundColor": "#FAFAFA",
              "borderColor": "#0077b6",
              "borderRadius": 67,
              "borderWidth": 1,
              "flexDirection": "row",
              "justifyContent": "space-between",
              "opacity": 1,
              "padding": 13,
            }
          }
        >
          <Text
            style={
              {
                "color": "#3A3939",
                "fontFamily": "Poppins_500Medium",
                "fontSize": 20,
              }
            }
          >
            Gender
          </Text>
          <Text />
        </View>
      </View>
    </View>
    <View
      accessibilityState={
        {
          "busy": undefined,
          "checked": undefined,
          "disabled": undefined,
          "expanded": undefined,
          "selected": undefined,
        }
      }
      accessibilityValue={
        {
          "max": undefined,
          "min": undefined,
          "now": undefined,
          "text": undefined,
        }
      }
      accessible={true}
      collapsable={false}
      focusable={true}
      onClick={[Function]}
      onResponderGrant={[Function]}
      onResponderMove={[Function]}
      onResponderRelease={[Function]}
      onResponderTerminate={[Function]}
      onResponderTerminationRequest={[Function]}
      onStartShouldSetResponder={[Function]}
      style={
        {
          "backgroundColor": "#0077b6",
          "borderRadius": 13,
          "marginLeft": 13,
          "marginVertical": 13,
          "opacity": 1,
          "paddingHorizontal": 27,
          "paddingVertical": 13,
        }
      }
      testID="clear-button"
    >
      <Text
        style={
          {
            "color": "#FAFAFA",
            "fontFamily": "Poppins_500Medium",
            "fontSize": 20,
          }
        }
      >
        Clear
      </Text>
    </View>
  </View>
  <View
    style={
      {
        "width": "90%",
      }
    }
  >
    <Text
      style={
        {
          "color": "#3A3939",
          "fontFamily": "Poppins_600SemiBold",
          "fontSize": 24,
          "marginBottom": 4,
        }
      }
    >
      Tutor Profiles
    </Text>
  </View>
  <RCTScrollView
    contentContainerStyle={
      {
        "alignItems": "center",
        "paddingBottom": 133,
      }
    }
    showsVerticalScrollIndicator={false}
    style={
      {
        "width": "100%",
      }
    }
  >
    <View />
  </RCTScrollView>
</View>
`;

exports[`renders correctly 1`] = `
<View
  style={
    {
      "alignItem": "center",
      "flex": 1,
      "justifyContent": "center",
    }
  }
>
  <ActivityIndicator
    color="#0077b6"
  />
</View>
`;
